============================= test session starts ==============================
platform linux -- Python 3.11.14, pytest-9.0.2, pluggy-1.6.0 -- /usr/local/bin/python3.11
cachedir: .pytest_cache
rootdir: /app
plugins: anyio-4.12.1, asyncio-1.3.0
asyncio: mode=Mode.STRICT, debug=False, asyncio_default_fixture_loop_scope=None, asyncio_default_test_loop_scope=function
collecting ... collected 1 item

tests/test_integration.py::test_end_to_end_flow FAILED                   [100%]

=================================== FAILURES ===================================
_____________________________ test_end_to_end_flow _____________________________

    @pytest.mark.asyncio
    async def test_end_to_end_flow():
        # 1. Submit Job
        async with httpx.AsyncClient() as client:
            payload = {
                "imageUrl": "https://via.placeholder.com/150",
                "transformations": ["resize:100x100", "grayscale"]
            }
            response = await client.post(f"{API_URL}/api/v1/images/process", json=payload)
            assert response.status_code == 202
            data = response.json()
            job_id = data["jobId"]
            assert job_id is not None
    
        # 2. Poll Status
        max_retries = 30
        async with httpx.AsyncClient() as client:
            for _ in range(max_retries):
                await asyncio.sleep(1)
                response = await client.get(f"{API_URL}/api/v1/images/jobs/{job_id}")
                assert response.status_code == 200
                data = response.json()
                status = data["status"]
    
                if status == "COMPLETED":
                    assert data["resultUrl"] is not None
                    break
                if status == "FAILED":
>                   pytest.fail(f"Job failed: {data.get('errorMessage')}")
E                   Failed: Job failed: Cannot connect to host via.placeholder.com:443 ssl:default [Name or service not known]

tests/test_integration.py:37: Failed
=========================== short test summary info ============================
FAILED tests/test_integration.py::test_end_to_end_flow - Failed: Job failed: ...
============================== 1 failed in 6.49s ===============================
